{"integrations":[{"id":"8ce0f580-4d6d-429e-9d0e-a78eb99f62c2","reference":"INT_123","workspace_id":"8ce0f580-4d6d-429e-9d0e-a78eb99f62c2","integration_id":"00000000-0000-0000-0000-000000000000","integration":{"id":"00000000-0000-0000-0000-000000000000","integration_name":"mercury","integration_type":"api_key","metadata":{},"created_at":"0001-01-01T00:00:00Z","updated_at":"0001-01-01T00:00:00Z"},"is_enabled":true,"metadata":{"last_fetched_at":"0001-01-01T00:00:00Z"},"created_at":"0001-01-01T00:00:00Z","updated_at":"0001-01-01T00:00:00Z"}],"message":"workspace integrations retrieved"}
