{"message":"You cannot set the api key for this integration"}
