{"message":"please provide the reference of the contact"}
