{"message":"You cannot update deal details when a contact is closed. Move it away from this column"}
