{"message":"check size must be at least 1000 USD ($1,000)"}
