{"deck":{"reference":"deck_test","workspace_id":"00000000-0000-0000-0000-000000000000","object_link":"https://s3.amazonaws.com/test-key","created_at":"0001-01-01T00:00:00Z","updated_at":"0001-01-01T00:00:00Z","session":{"id":"00000000-0000-0000-0000-000000000000","reference":"deck_viewer_session_test_reference","deck_id":"00000000-0000-0000-0000-000000000001","contact_id":"00000000-0000-0000-0000-000000000000","session_id":"session_test_reference","device_info":"iPhone","os":"iOS","browser":"Safari","ip_address":"192.0.2.1","country":"US","city":"New York","viewed_at":"0001-01-01T00:00:00Z","created_at":"0001-01-01T00:00:00Z","updated_at":"0001-01-01T00:00:00Z"},"preferences":{"enable_downloading":true,"require_email":true}},"message":"fetched deck details"}
