{"meta":{"paging":{"total":1,"per_page":8,"page":1}},"links":[{"id":"8ce0f580-4d6d-429e-9d0e-a78eb99f62c2","reference":"LINK_123","dashboard_id":"8ce0f580-4d6d-429e-9d0e-a78eb99f62c2","link_type":"default","token":"test_token","contact_id":"00000000-0000-0000-0000-000000000000","created_at":"0001-01-01T00:00:00Z","updated_at":"0001-01-01T00:00:00Z"}],"message":"dashboard links fetched"}
