{"message":"please provide the email to send the preview to"}
