{"message":"could not send update to recipients"}
