{"message":"please wait a few more minutes before sending another preview of this email"}
