{"message":"Your preview is now scheduled and will be sent out immediately"}
