{"message":"Get \"https://www.google.com/\": context deadline exceeded (Client.Timeout exceeded while awaiting headers)"}
