{"workspace":{"id":"00000000-0000-0000-0000-000000000000","plan_id":"00000000-0000-0000-0000-000000000000","timezone":"Africa/Algiers","metadata":{"team":{},"deck":{}},"created_at":"0001-01-01T00:00:00Z","updated_at":"0001-01-01T00:00:00Z"},"message":"workspace updated"}
