{"update":{"id":"00000000-0000-0000-0000-000000000000","workspace_id":"00000000-0000-0000-0000-000000000000","status":"draft","reference":"update_oopsoops","created_by":"00000000-0000-0000-0000-000000000000","sent_by":"00000000-0000-0000-0000-000000000000","metadata":{},"created_at":"0001-01-01T00:00:00Z","updated_at":"0001-01-01T00:00:00Z"},"message":"update has been duplicated"}
