{"contacts":[{"id":"550e8400-e29b-41d4-a716-446655440001","email":"john@example.com","workspace_id":"00000000-0000-0000-0000-000000000000","first_name":"John","last_name":"Doe","lists":null,"owner_id":"00000000-0000-0000-0000-000000000000","created_by":"00000000-0000-0000-0000-000000000000","created_at":"0001-01-01T00:00:00Z","updated_at":"0001-01-01T00:00:00Z"}],"meta":{"paging":{}},"message":"fetched all contacts"}
