{"message":"an error occurred while logging user into app"}
