{"message":"could not verify your sign in with Google"}
