{"message":"title must be more than 3 characters"}
