{"message":"please provide a valid revocation strategy"}
