{"message":"please provide the pipeline reference"}
