{"pipeline":{"id":"34bc303d-6ca6-4881-a31f-55503b98eb9a","reference":"pipeline_123","workspace_id":"1e66cedd-0e53-493a-adfd-7f81221c2248","title":"Test Pipeline","start_date":"0001-01-01T00:00:00Z","expected_close_date":"0001-01-01T00:00:00Z","created_at":"0001-01-01T00:00:00Z","updated_at":"0001-01-01T00:00:00Z"},"columns":[{"id":"00000000-0000-0000-0000-000000000000","fundraising_pipeline_id":"00000000-0000-0000-0000-000000000000","title":"Column 1","column_type":"normal","created_at":"0001-01-01T00:00:00Z","updated_at":"0001-01-01T00:00:00Z"}],"contacts":[{"id":"00000000-0000-0000-0000-000000000000","reference":"contact_1","contact_id":"00000000-0000-0000-0000-000000000000","fundraising_pipeline_id":"00000000-0000-0000-0000-000000000000","fundraising_pipeline_column_id":"00000000-0000-0000-0000-000000000000","created_at":"0001-01-01T00:00:00Z","updated_at":"0001-01-01T00:00:00Z"}],"positions":[{"id":"00000000-0000-0000-0000-000000000000","reference":"position_1","fundraising_pipeline_column_contact_id":"00000000-0000-0000-0000-000000000000","order_index":1}],"message":"fetched fundraising board"}
