{"message":"your contacts were uploaded successfully"}
