{"message":"an error occurred while creating contact"}
