{"deck":{"id":"00000000-0000-0000-0000-000000000000","reference":"deck_test","workspace_id":"00000000-0000-0000-0000-000000000000","created_by":"00000000-0000-0000-0000-000000000000","created_at":"0001-01-01T00:00:00Z","updated_at":"0001-01-01T00:00:00Z","preferences":{"id":"00000000-0000-0000-0000-000000000000","workspace_id":"00000000-0000-0000-0000-000000000000","deck_id":"00000000-0000-0000-0000-000000000000","enable_downloading":true,"require_email":true,"password":{"enabled":true,"password":"****"},"created_by":"00000000-0000-0000-0000-000000000000","created_at":"0001-01-01T00:00:00Z","updated_at":"0001-01-01T00:00:00Z"}},"message":"Updated deck preferences"}
