{"updates":{},"decks":{},"contacts":{},"shares":{},"message":"workspace overview fetched"}
