{"workspace":{"id":"00000000-0000-0000-0000-000000000000","workspace_name":"workspance name","reference":"workspace_tt7-YieIgz","plan_id":"00000000-0000-0000-0000-000000000000","metadata":{},"created_at":"0001-01-01T00:00:00Z","updated_at":"0001-01-01T00:00:00Z"},"message":"workspace successfully created"}
