{"user":{"id":"00000000-0000-0000-0000-000000000000","email":"test@example.com","email_verified_at":null,"full_name":"Test User","metadata":{"current_workspace":"00000000-0000-0000-0000-000000000000"},"roles":[],"created_at":"0001-01-01T00:00:00Z","updated_at":"0001-01-01T00:00:00Z"},"token":"test-token","message":"Logged in Successfully"}
