{"message":"please provide a valid email address"}
