{"message":"integration is not enabled. Enable before updating api key"}
