{"message":"description cannot be more than 500 characters"}
