{"dashboard":{"id":"00000000-0000-0000-0000-000000000000","reference":"dashboard_test_reference","description":"Test description","title":"Test Dashboard","workspace_id":"00000000-0000-0000-0000-000000000000","created_at":"0001-01-01T00:00:00Z","updated_at":"0001-01-01T00:00:00Z"},"message":"dashboard was successfully created"}
