{"preferences":{"id":"00000000-0000-0000-0000-000000000000","workspace_id":"00000000-0000-0000-0000-000000000000","communication":{},"billing":{},"created_at":"0001-01-01T00:00:00Z","updated_at":"0001-01-01T00:00:00Z"},"message":"workspace preferences updated"}
