{"message":"fundraising pipeline is already closed"}
