{"message":"you cannot disable a system level integration"}
