{"message":"Your update is now scheduled and will be sent out"}
