{"message":"an error occurred while fetching chart"}
