{"message":"expected close date must be in the future"}
