{"message":"please provide the title of the deck"}
