{"message":"start date must be today or in the future"}
