{"message":"could not create fundraising pipeline"}
