{"message":"initial contact date cannot be in the future"}
