{"message":"you can only add a chart for a system integration. Other integrations have their chart auto added"}
