{"message":"update fetched","update":{"id":"00000000-0000-0000-0000-000000000000","update_id":"00000000-0000-0000-0000-000000000000","created_at":"0001-01-01T00:00:00Z","updated_at":"0001-01-01T00:00:00Z"}}
