{"deck":{"id":"00000000-0000-0000-0000-000000000000","reference":"deck_test_reference","workspace_id":"00000000-0000-0000-0000-000000000000","created_by":"00000000-0000-0000-0000-000000000000","title":"oops","short_link":"oops","created_at":"0001-01-01T00:00:00Z","updated_at":"0001-01-01T00:00:00Z"},"message":"deck created"}
