{"message":"could not fetch size of file. Reupload file"}
