{"message":"contact's first name must be greater than 5"}
