{"message":"contact's first name must be less than 50"}
