{"message":"company's notes must be less than 2000"}
