{"contact":{"id":"00000000-0000-0000-0000-000000000000","workspace_id":"00000000-0000-0000-0000-000000000000","city":"240 Delaware","notes":"here is my random note","lists":null,"owner_id":"00000000-0000-0000-0000-000000000000","created_by":"00000000-0000-0000-0000-000000000000","created_at":"0001-01-01T00:00:00Z","updated_at":"0001-01-01T00:00:00Z"},"message":"contact was successfully updated"}
